HI-TECH Software C Compiler 

Linker command line:

--edf=C:\Program Files (x86)\HI-TECH Software\PICC\9.70\dat\en_msgs.txt -cs \
  -h+lcd.sym -z -Q16F877A -ol.obj -Mlcd.map -E1 -ACODE=00h-07FFhx4 \
  -ACONST=00h-0FFhx32 -AENTRY=00h-0FFhx32 -ASTRING=00h-0FFhx32 \
  -ABANK0=020h-06Fh -ABANK1=0A0h-0EFh -ABANK2=0110h-016Fh \
  -ABANK3=0190h-01EFh -ARAM=020h-06Fh,0A0h-0EFh,0110h-016Fh,0190h-01EFh \
  -AABS1=020h-07Fh,0A0h-0EFh,0110h-016Fh,0190h-01EFh -ACOMMON=070h-07Fh \
  -ASFR0=00h-01Fh -ASFR1=080h-09Fh -ASFR2=0100h-010Fh -ASFR3=0180h-018Fh \
  -preset_vec=00h,intentry,init,end_init -ppowerup=CODE \
  -ACONFIG=02007h-02007h -pconfig=CONFIG -DCONFIG=2 -AIDLOC=02000h-02003h \
  -pidloc=IDLOC -DIDLOC=2 -AEEDATA=00h-0FFh/02100h -peeprom_data=EEDATA \
  -DEEDATA=2 -DCODE=2 -k startup.obj lcd.obj 

Object code version is 3.10

Machine type is 16F877A



                Name          Link     Load   Length Selector   Space       Scale
startup.obj     end_init         0        0        3       0     0
lcd.obj         config        2007     2007        1    400E     0
                text141        524      524      14C     A48     0
                text142        670      670      190     CE0     0
                text143        38F      38F       B9     71E     0
                text138        F89      F89       2F    1F12     0
                text139        F51      F51       12    1EA2     0
                text140        448      448       DC     890     0
                text144         E2       E2       55     1C4     0
                text148        1B3      1B3       84     366     0
                text149        137      137       7C     26E     0
                text145         93       93       4F     126     0
                text146        237      237       A2     46E     0
                text147        FB8      FB8       48    1F70     0
                cinit            7        7       12       E     0
                dataBANK0       58       58        8      20     1
                inittext       F40      F40       11    1E80     0
                idataBANK      F38      F38        8    1E70     0
                cstackBAN       A0       A0       1B      A0     1
                text135         19       19       31      32     0
                text136        2D9      2D9       B6     5B2     0
                text137        F63      F63       26    1EC6     0
                cstackCOM       70       70        D      70     1
                cstackBAN       20       20       38      20     1
                maintext        4A       4A       49      94     0

TOTAL           Name          Link     Load   Length     Space
        CLASS   CODE           
                end_init         0        0        3     0
                text141        524      524      14C     0
                text142        670      670      190     0
                text143        38F      38F       B9     0
                text138        F89      F89       2F     0
                text139        F51      F51       12     0
                text140        448      448       DC     0
                text144         E2       E2       55     0
                text148        1B3      1B3       84     0
                text149        137      137       7C     0
                text145         93       93       4F     0
                text146        237      237       A2     0
                text147        FB8      FB8       48     0
                cinit            7        7       12     0
                inittext       F40      F40       11     0
                idataBANK      F38      F38        8     0
                text135         19       19       31     0
                text136        2D9      2D9       B6     0
                text137        F63      F63       26     0
                maintext        4A       4A       49     0

        CLASS   CONST          

        CLASS   ENTRY          

        CLASS   STRING         

        CLASS   BANK0          
                dataBANK0       58       58        8     1
                cstackBAN       20       20       38     1

        CLASS   BANK1          
                cstackBAN       A0       A0       1B     1

        CLASS   BANK2          

        CLASS   BANK3          

        CLASS   RAM            

        CLASS   ABS1           
                abs_s1          7E       7E        2     1

        CLASS   COMMON         
                cstackCOM       70       70        D     1

        CLASS   SFR0           

        CLASS   SFR1           

        CLASS   SFR2           

        CLASS   SFR3           

        CLASS   CONFIG         
                config        2007     2007        1     0

        CLASS   IDLOC          

        CLASS   EEDATA         



SEGMENTS        Name            Load    Length   Top    Selector   Space  Class     Delta

                reset_vec       000000  000003  000003         0       0  CODE        2
                cinit           000007  000012  000019         E       0  CODE        2
                cstackBANK0     000020  000040  000060        20       1  BANK0       1
                text135         000019  000031  00004A        32       0  CODE        2
                cstackCOMMON    000070  00000D  00007D        70       1  COMMON      1
                maintext        00004A  000049  000093        94       0  CODE        2
                cstackBANK1     0000A0  00001B  0000BB        A0       1  BANK1       1
                text145         000093  00004F  0000E2       126       0  CODE        2
                text144         0000E2  000055  000137       1C4       0  CODE        2
                text149         000137  00007C  0001B3       26E       0  CODE        2
                text148         0001B3  000084  000237       366       0  CODE        2
                text146         000237  0000A2  0002D9       46E       0  CODE        2
                text136         0002D9  0000B6  00038F       5B2       0  CODE        2
                text143         00038F  0000B9  000448       71E       0  CODE        2
                text140         000448  0000DC  000524       890       0  CODE        2
                text141         000524  00014C  000670       A48       0  CODE        2
                text142         000670  000190  000800       CE0       0  CODE        2
                idataBANK0      000F38  000008  000F40      1E70       0  CODE        2
                inittext        000F40  000011  000F51      1E80       0  CODE        2
                text139         000F51  000012  000F63      1EA2       0  CODE        2
                text137         000F63  000026  000F89      1EC6       0  CODE        2
                text138         000F89  00002F  000FB8      1F12       0  CODE        2
                text147         000FB8  000048  001000      1F70       0  CODE        2
                config          002007  000001  002008      400E       0  CONFIG      2


UNUSED ADDRESS RANGES

        Name                Unused          Largest block    Delta
        BANK0            00060-0006F              10           1
        BANK1            000BB-000EF              35           1
        BANK2            00110-0016F              60           1
        BANK3            00190-001EF              60           1
        CODE             00003-00006               4           2
                         00800-00F37             738
                         01000-01FFF             800
        COMMON           0007D-0007D               1           1
        CONST            00006-0000D               8           1
                         01000-01E6F             100
        EEDATA           02100-021FF             100           2
        ENTRY            00006-0000D               8           1
                         01000-01E6F             100
        IDLOC            02000-02003               4           2
        RAM              00060-0006F              10           1
                         000BB-000EF              35
                         00110-0016F              60
                         00190-001EF              60
        SFR0             00000-0001F              20           1
        SFR1             00080-0009F              20           1
        SFR2             00100-0010F              10           1
        SFR3             00180-0018F              10           1
        STRING           00006-0000D               8           1
                         01000-01E6F             100

                                  Symbol Table

??___aldiv             cstackCOMMON 00070
??___almod             cstackCOMMON 00070
??___awtoft            cstackCOMMON 00078
??___ftadd             cstackCOMMON 0007A
??___ftmul             cstackBANK0  00037
??___ftneg             cstackCOMMON 00075
??___ftpack            cstackCOMMON 00070
??___fttol             cstackBANK0  00047
??___lmul              cstackCOMMON 00070
??_lcd_command         cstackCOMMON 00070
??_lcd_data            cstackCOMMON 00070
??_lcd_float           cstackBANK0  00028
??_lcd_init            cstackCOMMON 00071
??_lcd_integer         cstackBANK0  00050
??_lcd_pattern         cstackCOMMON 00074
??_main                cstackBANK0  00054
?___aldiv              cstackBANK0  00026
?___almod              cstackBANK0  00020
?___awtoft             cstackBANK0  00028
?___ftadd              cstackBANK0  00031
?___ftmul              cstackBANK0  00041
?___ftneg              cstackBANK0  0002B
?___ftpack             cstackBANK0  00020
?___fttol              cstackBANK1  000A0
?___lmul               cstackBANK0  00020
?_lcd_command          cstackCOMMON 00074
?_lcd_data             cstackCOMMON 00074
?_lcd_float            cstackBANK1  000B0
?_lcd_init             cstackCOMMON 00074
?_lcd_integer          cstackBANK1  000AC
?_lcd_pattern          cstackCOMMON 00075
?_main                 cstackBANK0  00058
_ACKDT                 (abs)        0048D
_ACKEN                 (abs)        0048C
_ACKSTAT               (abs)        0048E
_ADCON0                (abs)        0001F
_ADCON1                (abs)        0009F
_ADCS0                 (abs)        000FE
_ADCS1                 (abs)        000FF
_ADCS2                 (abs)        004FE
_ADDEN                 (abs)        000C3
_ADFM                  (abs)        004FF
_ADGO                  (abs)        000FA
_ADIE                  (abs)        00466
_ADIF                  (abs)        00066
_ADON                  (abs)        000F8
_ADRESH                (abs)        0001E
_ADRESL                (abs)        0009E
_BCLIE                 (abs)        0046B
_BCLIF                 (abs)        0006B
_BF                    (abs)        004A0
_BOR                   (abs)        00470
_BRGH                  (abs)        004C2
_C1INV                 (abs)        004E4
_C1OUT                 (abs)        004E6
_C2INV                 (abs)        004E5
_C2OUT                 (abs)        004E7
_CARRY                 (abs)        00018
_CCP1CON               (abs)        00017
_CCP1IE                (abs)        00462
_CCP1IF                (abs)        00062
_CCP1M0                (abs)        000B8
_CCP1M1                (abs)        000B9
_CCP1M2                (abs)        000BA
_CCP1M3                (abs)        000BB
_CCP1X                 (abs)        000BD
_CCP1Y                 (abs)        000BC
_CCP2CON               (abs)        0001D
_CCP2IE                (abs)        00468
_CCP2IF                (abs)        00068
_CCP2M0                (abs)        000E8
_CCP2M1                (abs)        000E9
_CCP2M2                (abs)        000EA
_CCP2M3                (abs)        000EB
_CCP2X                 (abs)        000ED
_CCP2Y                 (abs)        000EC
_CCPR1H                (abs)        00016
_CCPR1L                (abs)        00015
_CCPR2H                (abs)        0001C
_CCPR2L                (abs)        0001B
_CHS0                  (abs)        000FB
_CHS1                  (abs)        000FC
_CHS2                  (abs)        000FD
_CIS                   (abs)        004E3
_CKE                   (abs)        004A6
_CKP                   (abs)        000A4
_CM0                   (abs)        004E0
_CM1                   (abs)        004E1
_CM2                   (abs)        004E2
_CMCON                 (abs)        0009C
_CMIE                  (abs)        0046E
_CMIF                  (abs)        0006E
_CREN                  (abs)        000C4
_CSRC                  (abs)        004C7
_CVR0                  (abs)        004E8
_CVR1                  (abs)        004E9
_CVR2                  (abs)        004EA
_CVR3                  (abs)        004EB
_CVRCON                (abs)        0009D
_CVREN                 (abs)        004EF
_CVROE                 (abs)        004EE
_CVRR                  (abs)        004ED
_DA                    (abs)        004A5
_DC                    (abs)        00019
_EEADR                 (abs)        0010D
_EEADRH                (abs)        0010F
_EEADRL                (abs)        0010D
_EECON1                (abs)        0018C
_EECON2                (abs)        0018D
_EEDATA                (abs)        0010C
_EEDATH                (abs)        0010E
_EEIE                  (abs)        0046C
_EEIF                  (abs)        0006C
_EEPGD                 (abs)        00C67
_FERR                  (abs)        000C2
_FSR                   (abs)        00004
_GCEN                  (abs)        0048F
_GIE                   (abs)        0005F
_GODONE                (abs)        000FA
_IBF                   (abs)        0044F
_IBOV                  (abs)        0044D
_INDF                  (abs)        00000
_INTCON                (abs)        0000B
_INTE                  (abs)        0005C
_INTEDG                (abs)        0040E
_INTF                  (abs)        00059
_IRP                   (abs)        0001F
_OBF                   (abs)        0044E
_OERR                  (abs)        000C1
_OPTION                (abs)        00081
_PCFG0                 (abs)        004F8
_PCFG1                 (abs)        004F9
_PCFG2                 (abs)        004FA
_PCFG3                 (abs)        004FB
_PCL                   (abs)        00002
_PCLATH                (abs)        0000A
_PCON                  (abs)        0008E
_PD                    (abs)        0001B
_PEIE                  (abs)        0005E
_PEN                   (abs)        0048A
_PIE1                  (abs)        0008C
_PIE2                  (abs)        0008D
_PIR1                  (abs)        0000C
_PIR2                  (abs)        0000D
_POR                   (abs)        00471
_PORTA                 (abs)        00005
_PORTB                 (abs)        00006
_PORTC                 (abs)        00007
_PORTD                 (abs)        00008
_PORTE                 (abs)        00009
_PR2                   (abs)        00092
_PS0                   (abs)        00408
_PS1                   (abs)        00409
_PS2                   (abs)        0040A
_PSA                   (abs)        0040B
_PSPIE                 (abs)        00467
_PSPIF                 (abs)        00067
_PSPMODE               (abs)        0044C
_RA0                   (abs)        00028
_RA1                   (abs)        00029
_RA2                   (abs)        0002A
_RA3                   (abs)        0002B
_RA4                   (abs)        0002C
_RA5                   (abs)        0002D
_RB0                   (abs)        00030
_RB1                   (abs)        00031
_RB2                   (abs)        00032
_RB3                   (abs)        00033
_RB4                   (abs)        00034
_RB5                   (abs)        00035
_RB6                   (abs)        00036
_RB7                   (abs)        00037
_RBIE                  (abs)        0005B
_RBIF                  (abs)        00058
_RBPU                  (abs)        0040F
_RC0                   (abs)        00038
_RC1                   (abs)        00039
_RC2                   (abs)        0003A
_RC3                   (abs)        0003B
_RC4                   (abs)        0003C
_RC5                   (abs)        0003D
_RC6                   (abs)        0003E
_RC7                   (abs)        0003F
_RCEN                  (abs)        0048B
_RCIE                  (abs)        00465
_RCIF                  (abs)        00065
_RCREG                 (abs)        0001A
_RCSTA                 (abs)        00018
_RD                    (abs)        00C60
_RD0                   (abs)        00040
_RD1                   (abs)        00041
_RD2                   (abs)        00042
_RD3                   (abs)        00043
_RD4                   (abs)        00044
_RD5                   (abs)        00045
_RD6                   (abs)        00046
_RD7                   (abs)        00047
_RE0                   (abs)        00048
_RE1                   (abs)        00049
_RE2                   (abs)        0004A
_RP0                   (abs)        0001D
_RP1                   (abs)        0001E
_RSEN                  (abs)        00489
_RW                    (abs)        004A2
_RX9                   (abs)        000C6
_RX9D                  (abs)        000C0
_SEN                   (abs)        00488
_SMP                   (abs)        004A7
_SPBRG                 (abs)        00099
_SPEN                  (abs)        000C7
_SREN                  (abs)        000C5
_SSPADD                (abs)        00093
_SSPBUF                (abs)        00013
_SSPCON                (abs)        00014
_SSPCON2               (abs)        00091
_SSPEN                 (abs)        000A5
_SSPIE                 (abs)        00463
_SSPIF                 (abs)        00063
_SSPM0                 (abs)        000A0
_SSPM1                 (abs)        000A1
_SSPM2                 (abs)        000A2
_SSPM3                 (abs)        000A3
_SSPOV                 (abs)        000A6
_SSPSTAT               (abs)        00094
_START                 (abs)        004A3
_STATUS                (abs)        00003
_STOP                  (abs)        004A4
_SYNC                  (abs)        004C4
_T0CS                  (abs)        0040D
_T0IE                  (abs)        0005D
_T0IF                  (abs)        0005A
_T0SE                  (abs)        0040C
_T1CKPS0               (abs)        00084
_T1CKPS1               (abs)        00085
_T1CON                 (abs)        00010
_T1OSCEN               (abs)        00083
_T1SYNC                (abs)        00082
_T2CKPS0               (abs)        00090
_T2CKPS1               (abs)        00091
_T2CON                 (abs)        00012
_TMR0                  (abs)        00001
_TMR0IE                (abs)        0005D
_TMR0IF                (abs)        0005A
_TMR1CS                (abs)        00081
_TMR1H                 (abs)        0000F
_TMR1IE                (abs)        00460
_TMR1IF                (abs)        00060
_TMR1L                 (abs)        0000E
_TMR1ON                (abs)        00080
_TMR2                  (abs)        00011
_TMR2IE                (abs)        00461
_TMR2IF                (abs)        00061
_TMR2ON                (abs)        00092
_TO                    (abs)        0001C
_TOUTPS0               (abs)        00093
_TOUTPS1               (abs)        00094
_TOUTPS2               (abs)        00095
_TOUTPS3               (abs)        00096
_TRISA                 (abs)        00085
_TRISA0                (abs)        00428
_TRISA1                (abs)        00429
_TRISA2                (abs)        0042A
_TRISA3                (abs)        0042B
_TRISA4                (abs)        0042C
_TRISA5                (abs)        0042D
_TRISB                 (abs)        00086
_TRISB0                (abs)        00430
_TRISB1                (abs)        00431
_TRISB2                (abs)        00432
_TRISB3                (abs)        00433
_TRISB4                (abs)        00434
_TRISB5                (abs)        00435
_TRISB6                (abs)        00436
_TRISB7                (abs)        00437
_TRISC                 (abs)        00087
_TRISC0                (abs)        00438
_TRISC1                (abs)        00439
_TRISC2                (abs)        0043A
_TRISC3                (abs)        0043B
_TRISC4                (abs)        0043C
_TRISC5                (abs)        0043D
_TRISC6                (abs)        0043E
_TRISC7                (abs)        0043F
_TRISD                 (abs)        00088
_TRISD0                (abs)        00440
_TRISD1                (abs)        00441
_TRISD2                (abs)        00442
_TRISD3                (abs)        00443
_TRISD4                (abs)        00444
_TRISD5                (abs)        00445
_TRISD6                (abs)        00446
_TRISD7                (abs)        00447
_TRISE                 (abs)        00089
_TRISE0                (abs)        00448
_TRISE1                (abs)        00449
_TRISE2                (abs)        0044A
_TRMT                  (abs)        004C1
_TX9                   (abs)        004C6
_TX9D                  (abs)        004C0
_TXEN                  (abs)        004C5
_TXIE                  (abs)        00464
_TXIF                  (abs)        00064
_TXREG                 (abs)        00019
_TXSTA                 (abs)        00098
_UA                    (abs)        004A1
_WCOL                  (abs)        000A7
_WR                    (abs)        00C61
_WREN                  (abs)        00C62
_WRERR                 (abs)        00C63
_ZERO                  (abs)        0001A
__Babs1                abs1         04200
__Bbank0               bank0        04200
__Bbank1               bank1        04200
__Bbank2               bank2        04200
__Bbank3               bank3        04200
__Bclrtext             clrtext      04200
__Bcode                code         04200
__Bcommon              common       04200
__Beeprom_data         eeprom_data  02100
__Bptbit_0             ptbit_0      04200
__Bram                 ram          04200
__Bsfr0                sfr0         04200
__Bsfr1                sfr1         04200
__Bsfr2                sfr2         04200
__Bsfr3                sfr3         04200
__Bstrings             strings      04200
__Btext                text         04200
__Habs1                abs1         00000
__Hbank0               bank0        00000
__Hbank1               bank1        00000
__Hbank2               bank2        00000
__Hbank3               bank3        00000
__Hcinit               cinit        04200
__Hclrtext             clrtext      00000
__Hcode                code         00000
__Hcommon              common       00000
__Hconfig              config       02008
__HcstackBANK0         cstackBANK0  04200
__HcstackBANK1         cstackBANK1  04200
__HcstackCOMMON        cstackCOMMON 04200
__HdataBANK0           dataBANK0    04200
__Heeprom_data         eeprom_data  00000
__Hend_init            end_init     00003
__HidataBANK0          idataBANK0   04200
__Hidloc               idloc        02000
__Hinit                init         00000
__Hinittext            inittext     04200
__Hintentry            intentry     00000
__Hintsave             intsave      04200
__Hmaintext            maintext     04200
__Hpowerup             powerup      00003
__Hptbit_0             ptbit_0      21000
__Hram                 ram          00000
__Hreset_vec           reset_vec    00000
__Hsfr0                sfr0         00000
__Hsfr1                sfr1         00000
__Hsfr2                sfr2         00000
__Hsfr3                sfr3         00000
__Hstrings             strings      00000
__Hstruct              struct       00060
__Htemp                temp         00060
__Htext                text         00000
__Labs1                abs1         00000
__Lbank0               bank0        00000
__Lbank1               bank1        00000
__Lbank2               bank2        00000
__Lbank3               bank3        00000
__Lcinit               cinit        04200
__Lclrtext             clrtext      00000
__Lcode                code         00000
__Lcommon              common       00000
__Lconfig              config       02007
__LcstackBANK0         cstackBANK0  04200
__LcstackBANK1         cstackBANK1  04200
__LcstackCOMMON        cstackCOMMON 04200
__LdataBANK0           dataBANK0    04200
__Leeprom_data         eeprom_data  00000
__Lend_init            end_init     00000
__LidataBANK0          idataBANK0   04200
__Lidloc               idloc        02000
__Linit                init         00000
__Linittext            inittext     04200
__Lintentry            intentry     00000
__Lintsave             intsave      04200
__Lmaintext            maintext     04200
__Lpowerup             powerup      00003
__Lptbit_0             ptbit_0      21000
__Lram                 ram          00000
__Lreset_vec           reset_vec    00000
__Lsfr0                sfr0         00000
__Lsfr1                sfr1         00000
__Lsfr2                sfr2         00000
__Lsfr3                sfr3         00000
__Lstrings             strings      00000
__Lstruct              struct       00060
__Ltemp                temp         00060
__Ltext                text         00000
__S0                   (abs)        02008
__S1                   (abs)        00190
__S2                   (abs)        02100
___aldiv               text146      00237
___aldiv@counter       cstackBANK0  00020
___aldiv@dividend      cstackBANK0  00026
___aldiv@divisor       cstackBANK0  0002A
___aldiv@quotient      cstackBANK0  00022
___aldiv@sign          cstackBANK0  00021
___almod               text148      001B3
___almod@counter       cstackCOMMON 00072
___almod@dividend      cstackBANK0  00020
___almod@divisor       cstackBANK0  00024
___almod@sign          cstackCOMMON 00071
___awtoft              text138      00F89
___awtoft@c            cstackBANK0  00028
___awtoft@sign         cstackBANK0  00027
___ftadd               text141      00524
___ftadd@exp1          cstackBANK0  00030
___ftadd@exp2          cstackBANK0  0002F
___ftadd@f1            cstackBANK0  00031
___ftadd@f2            cstackBANK0  00034
___ftadd@sign          cstackBANK0  0002E
___ftmul               text140      00448
___ftmul@cntr          cstackBANK0  0003F
___ftmul@exp           cstackBANK0  0003B
___ftmul@f1            cstackBANK0  00041
___ftmul@f2            cstackBANK0  00044
___ftmul@f3_as_product cstackBANK0  0003C
___ftmul@sign          cstackBANK0  00040
___ftneg               text139      00F51
___ftneg@f1            cstackBANK0  0002B
___ftpack              text149      00137
___ftpack@arg          cstackBANK0  00020
___ftpack@exp          cstackBANK0  00023
___ftpack@sign         cstackBANK0  00024
___fttol               text143      0038F
___fttol@exp1          cstackBANK0  0004F
___fttol@f1            cstackBANK1  000A0
___fttol@lval          cstackBANK0  0004B
___fttol@sign1         cstackBANK0  0004A
___lmul                text147      00FB8
___lmul@multiplicand   cstackBANK0  00024
___lmul@multiplier     cstackBANK0  00020
___lmul@product        cstackCOMMON 00071
__end_of___aldiv       text146      002D9
__end_of___almod       text148      00237
__end_of___awtoft      text138      00FB8
__end_of___ftadd       text141      00670
__end_of___ftmul       text140      00524
__end_of___ftneg       text139      00F63
__end_of___ftpack      text149      001B3
__end_of___fttol       text143      00448
__end_of___lmul        text147      01000
__end_of_lcd_command   text144      00137
__end_of_lcd_data      text145      000E2
__end_of_lcd_float     text136      0038F
__end_of_lcd_init      text137      00F89
__end_of_lcd_integer   text142      00800
__end_of_lcd_pattern   text135      0004A
__end_of_main          maintext     00093
__pcstackBANK0         cstackBANK0  00020
__pcstackBANK1         cstackBANK1  000A0
__pcstackCOMMON        cstackCOMMON 00070
__pdataBANK0           dataBANK0    00058
__pidataBANK0          idataBANK0   00F38
__pmaintext            maintext     0004A
__ptext135             text135      00019
__ptext136             text136      002D9
__ptext137             text137      00F63
__ptext138             text138      00F89
__ptext139             text139      00F51
__ptext140             text140      00448
__ptext141             text141      00524
__ptext142             text142      00670
__ptext143             text143      0038F
__ptext144             text144      000E2
__ptext145             text145      00093
__ptext146             text146      00237
__ptext147             text147      00FB8
__ptext148             text148      001B3
__ptext149             text149      00137
__ptext150             text150      00003
__size_of___aldiv      (abs)        00000
__size_of___almod      (abs)        00000
__size_of___awtoft     (abs)        00000
__size_of___ftadd      (abs)        00000
__size_of___ftmul      (abs)        00000
__size_of___ftneg      (abs)        00000
__size_of___ftpack     (abs)        00000
__size_of___fttol      (abs)        00000
__size_of___lmul       (abs)        00000
__size_of_lcd_command  (abs)        00000
__size_of_lcd_data     (abs)        00000
__size_of_lcd_float    (abs)        00000
__size_of_lcd_init     (abs)        00000
__size_of_lcd_integer  (abs)        00000
__size_of_lcd_pattern  (abs)        00000
__size_of_main         (abs)        00000
_exit                  init         00000
_lcd_command           text144      000E2
_lcd_data              text145      00093
_lcd_float             text136      002D9
_lcd_float$755         cstackBANK0  00051
_lcd_init              text137      00F63
_lcd_integer           text142      00670
_lcd_pattern           text135      00019
_main                  maintext     0004A
btemp                  (abs)        0007E
end_of_initialization  cinit        00015
init_fetch             inittext     00F40
init_ram               inittext     00F44
intlevel0              intentry     00000
intlevel1              intentry     00000
intlevel2              intentry     00000
intlevel3              intentry     00000
intlevel4              intentry     00000
intlevel5              intentry     00000
lcd_command@i          cstackCOMMON 00072
lcd_command@x          cstackCOMMON 00071
lcd_data@i             cstackCOMMON 00072
lcd_data@x             cstackCOMMON 00071
lcd_float@f            cstackBANK1  000B0
lcd_integer@m          cstackBANK1  000A8
lcd_integer@x          cstackBANK1  000AC
lcd_integer@y          cstackBANK1  000A4
lcd_pattern@i          cstackBANK0  00021
lcd_pattern@p          cstackBANK0  00020
main@F530              dataBANK0    00058
main@pattern           cstackBANK1  000B3
reset_vec              reset_vec    00000
start                  init         00000
start_initialization   cinit        00007
