HI-TECH Software C Compiler 

Linker command line:

--edf=C:\Program Files (x86)\HI-TECH Software\PICC\9.70\dat\en_msgs.txt -cs \
  -h+keypad.sym -z -Q16F877A -ol.obj -Mkeypad.map -E1 -ACODE=00h-07FFhx4 \
  -ACONST=00h-0FFhx32 -AENTRY=00h-0FFhx32 -ASTRING=00h-0FFhx32 \
  -ABANK0=020h-06Fh -ABANK1=0A0h-0EFh -ABANK2=0110h-016Fh \
  -ABANK3=0190h-01EFh -ARAM=020h-06Fh,0A0h-0EFh,0110h-016Fh,0190h-01EFh \
  -AABS1=020h-07Fh,0A0h-0EFh,0110h-016Fh,0190h-01EFh -ACOMMON=070h-07Fh \
  -ASFR0=00h-01Fh -ASFR1=080h-09Fh -ASFR2=0100h-010Fh -ASFR3=0180h-018Fh \
  -preset_vec=00h,intentry,init,end_init -ppowerup=CODE \
  -ACONFIG=02007h-02007h -pconfig=CONFIG -DCONFIG=2 -AIDLOC=02000h-02003h \
  -pidloc=IDLOC -DIDLOC=2 -AEEDATA=00h-0FFh/02100h -peeprom_data=EEDATA \
  -DEEDATA=2 -DCODE=2 -k startup.obj keypad.obj 

Object code version is 3.10

Machine type is 16F877A



                Name          Link     Load   Length Selector   Space       Scale
startup.obj     end_init         0        0        3       0     0
keypad.obj      config        2007     2007        1    400E     0
                text100        3CB      3CB       26     796     0
                text101        419      419       48     832     0
                text98         505      505       61     A0A     0
                text99         68C      68C      174     D18     0
                text102        566      566       84     ACC     0
                text105        461      461       4F     8C2     0
                text103        5EA      5EA       A2     BD4     0
                text104        4B0      4B0       55     960     0
                maintext       3F1      3F1       28     7E2     0
                idataBANK      398      398       10     730     0
                cinit          3B9      3B9       12     772     0
                dataBANK0       53       53       10      20     1
                cstackCOM       70       70        5      70     1
                cstackBAN       20       20       33      20     1
                inittext       3A8      3A8       11     750     0
                cstackBAN       A0       A0       12      A0     1

TOTAL           Name          Link     Load   Length     Space
        CLASS   CODE           
                end_init         0        0        3     0
                text100        3CB      3CB       26     0
                text101        419      419       48     0
                text98         505      505       61     0
                text99         68C      68C      174     0
                text102        566      566       84     0
                text105        461      461       4F     0
                text103        5EA      5EA       A2     0
                text104        4B0      4B0       55     0
                maintext       3F1      3F1       28     0
                idataBANK      398      398       10     0
                cinit          3B9      3B9       12     0
                inittext       3A8      3A8       11     0

        CLASS   CONST          

        CLASS   ENTRY          

        CLASS   STRING         

        CLASS   BANK0          
                dataBANK0       53       53       10     1
                cstackBAN       20       20       33     1

        CLASS   BANK1          
                cstackBAN       A0       A0       12     1

        CLASS   BANK2          

        CLASS   BANK3          

        CLASS   RAM            

        CLASS   ABS1           
                abs_s1          7E       7E        2     1

        CLASS   COMMON         
                cstackCOM       70       70        5     1

        CLASS   SFR0           

        CLASS   SFR1           

        CLASS   SFR2           

        CLASS   SFR3           

        CLASS   CONFIG         
                config        2007     2007        1     0

        CLASS   IDLOC          

        CLASS   EEDATA         



SEGMENTS        Name            Load    Length   Top    Selector   Space  Class     Delta

                reset_vec       000000  000003  000003         0       0  CODE        2
                cstackBANK0     000020  000043  000063        20       1  BANK0       1
                cstackCOMMON    000070  000005  000075        70       1  COMMON      1
                cstackBANK1     0000A0  000012  0000B2        A0       1  BANK1       1
                idataBANK0      000398  000010  0003A8       730       0  CODE        2
                inittext        0003A8  000011  0003B9       750       0  CODE        2
                cinit           0003B9  000012  0003CB       772       0  CODE        2
                text100         0003CB  000026  0003F1       796       0  CODE        2
                maintext        0003F1  000028  000419       7E2       0  CODE        2
                text101         000419  000048  000461       832       0  CODE        2
                text105         000461  00004F  0004B0       8C2       0  CODE        2
                text104         0004B0  000055  000505       960       0  CODE        2
                text98          000505  000061  000566       A0A       0  CODE        2
                text102         000566  000084  0005EA       ACC       0  CODE        2
                text103         0005EA  0000A2  00068C       BD4       0  CODE        2
                text99          00068C  000174  000800       D18       0  CODE        2
                config          002007  000001  002008      400E       0  CONFIG      2


UNUSED ADDRESS RANGES

        Name                Unused          Largest block    Delta
        BANK0            00063-0006F               D           1
        BANK1            000B2-000EF              3E           1
        BANK2            00110-0016F              60           1
        BANK3            00190-001EF              60           1
        CODE             00003-00397             395           2
                         00800-01FFF             800
        COMMON           00075-0007D               9           1
        CONST            00006-0072F             100           1
                         01000-01FFF             100
        EEDATA           02100-021FF             100           2
        ENTRY            00006-0072F             100           1
                         01000-01FFF             100
        IDLOC            02000-02003               4           2
        RAM              00063-0006F               D           1
                         000B2-000EF              3E
                         00110-0016F              60
                         00190-001EF              60
        SFR0             00000-0001F              20           1
        SFR1             00080-0009F              20           1
        SFR2             00100-0010F              10           1
        SFR3             00180-0018F              10           1
        STRING           00006-0072F             100           1
                         01000-01FFF             100

                                  Symbol Table

??___aldiv            cstackCOMMON 00070
??___almod            cstackCOMMON 00070
??___lmul             cstackCOMMON 00070
??_keypad             cstackCOMMON 00070
??_lcd_command        cstackCOMMON 00070
??_lcd_data           cstackCOMMON 00070
??_lcd_init           cstackCOMMON 00071
??_lcd_integer        cstackBANK0  0004A
??_main               cstackBANK0  0004F
?___aldiv             cstackBANK0  00026
?___almod             cstackBANK0  00020
?___lmul              cstackBANK0  00020
?_keypad              cstackBANK0  00033
?_lcd_command         cstackCOMMON 00074
?_lcd_data            cstackBANK0  00020
?_lcd_init            cstackCOMMON 00074
?_lcd_integer         cstackBANK0  0004B
?_main                cstackBANK0  00053
_ACKDT                (abs)        0048D
_ACKEN                (abs)        0048C
_ACKSTAT              (abs)        0048E
_ADCON0               (abs)        0001F
_ADCON1               (abs)        0009F
_ADCS0                (abs)        000FE
_ADCS1                (abs)        000FF
_ADCS2                (abs)        004FE
_ADDEN                (abs)        000C3
_ADFM                 (abs)        004FF
_ADGO                 (abs)        000FA
_ADIE                 (abs)        00466
_ADIF                 (abs)        00066
_ADON                 (abs)        000F8
_ADRESH               (abs)        0001E
_ADRESL               (abs)        0009E
_BCLIE                (abs)        0046B
_BCLIF                (abs)        0006B
_BF                   (abs)        004A0
_BOR                  (abs)        00470
_BRGH                 (abs)        004C2
_C1INV                (abs)        004E4
_C1OUT                (abs)        004E6
_C2INV                (abs)        004E5
_C2OUT                (abs)        004E7
_CARRY                (abs)        00018
_CCP1CON              (abs)        00017
_CCP1IE               (abs)        00462
_CCP1IF               (abs)        00062
_CCP1M0               (abs)        000B8
_CCP1M1               (abs)        000B9
_CCP1M2               (abs)        000BA
_CCP1M3               (abs)        000BB
_CCP1X                (abs)        000BD
_CCP1Y                (abs)        000BC
_CCP2CON              (abs)        0001D
_CCP2IE               (abs)        00468
_CCP2IF               (abs)        00068
_CCP2M0               (abs)        000E8
_CCP2M1               (abs)        000E9
_CCP2M2               (abs)        000EA
_CCP2M3               (abs)        000EB
_CCP2X                (abs)        000ED
_CCP2Y                (abs)        000EC
_CCPR1H               (abs)        00016
_CCPR1L               (abs)        00015
_CCPR2H               (abs)        0001C
_CCPR2L               (abs)        0001B
_CHS0                 (abs)        000FB
_CHS1                 (abs)        000FC
_CHS2                 (abs)        000FD
_CIS                  (abs)        004E3
_CKE                  (abs)        004A6
_CKP                  (abs)        000A4
_CM0                  (abs)        004E0
_CM1                  (abs)        004E1
_CM2                  (abs)        004E2
_CMCON                (abs)        0009C
_CMIE                 (abs)        0046E
_CMIF                 (abs)        0006E
_CREN                 (abs)        000C4
_CSRC                 (abs)        004C7
_CVR0                 (abs)        004E8
_CVR1                 (abs)        004E9
_CVR2                 (abs)        004EA
_CVR3                 (abs)        004EB
_CVRCON               (abs)        0009D
_CVREN                (abs)        004EF
_CVROE                (abs)        004EE
_CVRR                 (abs)        004ED
_DA                   (abs)        004A5
_DC                   (abs)        00019
_EEADR                (abs)        0010D
_EEADRH               (abs)        0010F
_EEADRL               (abs)        0010D
_EECON1               (abs)        0018C
_EECON2               (abs)        0018D
_EEDATA               (abs)        0010C
_EEDATH               (abs)        0010E
_EEIE                 (abs)        0046C
_EEIF                 (abs)        0006C
_EEPGD                (abs)        00C67
_FERR                 (abs)        000C2
_FSR                  (abs)        00004
_GCEN                 (abs)        0048F
_GIE                  (abs)        0005F
_GODONE               (abs)        000FA
_IBF                  (abs)        0044F
_IBOV                 (abs)        0044D
_INDF                 (abs)        00000
_INTCON               (abs)        0000B
_INTE                 (abs)        0005C
_INTEDG               (abs)        0040E
_INTF                 (abs)        00059
_IRP                  (abs)        0001F
_OBF                  (abs)        0044E
_OERR                 (abs)        000C1
_OPTION               (abs)        00081
_PCFG0                (abs)        004F8
_PCFG1                (abs)        004F9
_PCFG2                (abs)        004FA
_PCFG3                (abs)        004FB
_PCL                  (abs)        00002
_PCLATH               (abs)        0000A
_PCON                 (abs)        0008E
_PD                   (abs)        0001B
_PEIE                 (abs)        0005E
_PEN                  (abs)        0048A
_PIE1                 (abs)        0008C
_PIE2                 (abs)        0008D
_PIR1                 (abs)        0000C
_PIR2                 (abs)        0000D
_POR                  (abs)        00471
_PORTA                (abs)        00005
_PORTB                (abs)        00006
_PORTC                (abs)        00007
_PORTD                (abs)        00008
_PORTE                (abs)        00009
_PR2                  (abs)        00092
_PS0                  (abs)        00408
_PS1                  (abs)        00409
_PS2                  (abs)        0040A
_PSA                  (abs)        0040B
_PSPIE                (abs)        00467
_PSPIF                (abs)        00067
_PSPMODE              (abs)        0044C
_RA0                  (abs)        00028
_RA1                  (abs)        00029
_RA2                  (abs)        0002A
_RA3                  (abs)        0002B
_RA4                  (abs)        0002C
_RA5                  (abs)        0002D
_RB0                  (abs)        00030
_RB1                  (abs)        00031
_RB2                  (abs)        00032
_RB3                  (abs)        00033
_RB4                  (abs)        00034
_RB5                  (abs)        00035
_RB6                  (abs)        00036
_RB7                  (abs)        00037
_RBIE                 (abs)        0005B
_RBIF                 (abs)        00058
_RBPU                 (abs)        0040F
_RC0                  (abs)        00038
_RC1                  (abs)        00039
_RC2                  (abs)        0003A
_RC3                  (abs)        0003B
_RC4                  (abs)        0003C
_RC5                  (abs)        0003D
_RC6                  (abs)        0003E
_RC7                  (abs)        0003F
_RCEN                 (abs)        0048B
_RCIE                 (abs)        00465
_RCIF                 (abs)        00065
_RCREG                (abs)        0001A
_RCSTA                (abs)        00018
_RD                   (abs)        00C60
_RD0                  (abs)        00040
_RD1                  (abs)        00041
_RD2                  (abs)        00042
_RD3                  (abs)        00043
_RD4                  (abs)        00044
_RD5                  (abs)        00045
_RD6                  (abs)        00046
_RD7                  (abs)        00047
_RE0                  (abs)        00048
_RE1                  (abs)        00049
_RE2                  (abs)        0004A
_RP0                  (abs)        0001D
_RP1                  (abs)        0001E
_RSEN                 (abs)        00489
_RW                   (abs)        004A2
_RX9                  (abs)        000C6
_RX9D                 (abs)        000C0
_SEN                  (abs)        00488
_SMP                  (abs)        004A7
_SPBRG                (abs)        00099
_SPEN                 (abs)        000C7
_SREN                 (abs)        000C5
_SSPADD               (abs)        00093
_SSPBUF               (abs)        00013
_SSPCON               (abs)        00014
_SSPCON2              (abs)        00091
_SSPEN                (abs)        000A5
_SSPIE                (abs)        00463
_SSPIF                (abs)        00063
_SSPM0                (abs)        000A0
_SSPM1                (abs)        000A1
_SSPM2                (abs)        000A2
_SSPM3                (abs)        000A3
_SSPOV                (abs)        000A6
_SSPSTAT              (abs)        00094
_START                (abs)        004A3
_STATUS               (abs)        00003
_STOP                 (abs)        004A4
_SYNC                 (abs)        004C4
_T0CS                 (abs)        0040D
_T0IE                 (abs)        0005D
_T0IF                 (abs)        0005A
_T0SE                 (abs)        0040C
_T1CKPS0              (abs)        00084
_T1CKPS1              (abs)        00085
_T1CON                (abs)        00010
_T1OSCEN              (abs)        00083
_T1SYNC               (abs)        00082
_T2CKPS0              (abs)        00090
_T2CKPS1              (abs)        00091
_T2CON                (abs)        00012
_TMR0                 (abs)        00001
_TMR0IE               (abs)        0005D
_TMR0IF               (abs)        0005A
_TMR1CS               (abs)        00081
_TMR1H                (abs)        0000F
_TMR1IE               (abs)        00460
_TMR1IF               (abs)        00060
_TMR1L                (abs)        0000E
_TMR1ON               (abs)        00080
_TMR2                 (abs)        00011
_TMR2IE               (abs)        00461
_TMR2IF               (abs)        00061
_TMR2ON               (abs)        00092
_TO                   (abs)        0001C
_TOUTPS0              (abs)        00093
_TOUTPS1              (abs)        00094
_TOUTPS2              (abs)        00095
_TOUTPS3              (abs)        00096
_TRISA                (abs)        00085
_TRISA0               (abs)        00428
_TRISA1               (abs)        00429
_TRISA2               (abs)        0042A
_TRISA3               (abs)        0042B
_TRISA4               (abs)        0042C
_TRISA5               (abs)        0042D
_TRISB                (abs)        00086
_TRISB0               (abs)        00430
_TRISB1               (abs)        00431
_TRISB2               (abs)        00432
_TRISB3               (abs)        00433
_TRISB4               (abs)        00434
_TRISB5               (abs)        00435
_TRISB6               (abs)        00436
_TRISB7               (abs)        00437
_TRISC                (abs)        00087
_TRISC0               (abs)        00438
_TRISC1               (abs)        00439
_TRISC2               (abs)        0043A
_TRISC3               (abs)        0043B
_TRISC4               (abs)        0043C
_TRISC5               (abs)        0043D
_TRISC6               (abs)        0043E
_TRISC7               (abs)        0043F
_TRISD                (abs)        00088
_TRISD0               (abs)        00440
_TRISD1               (abs)        00441
_TRISD2               (abs)        00442
_TRISD3               (abs)        00443
_TRISD4               (abs)        00444
_TRISD5               (abs)        00445
_TRISD6               (abs)        00446
_TRISD7               (abs)        00447
_TRISE                (abs)        00089
_TRISE0               (abs)        00448
_TRISE1               (abs)        00449
_TRISE2               (abs)        0044A
_TRMT                 (abs)        004C1
_TX9                  (abs)        004C6
_TX9D                 (abs)        004C0
_TXEN                 (abs)        004C5
_TXIE                 (abs)        00464
_TXIF                 (abs)        00064
_TXREG                (abs)        00019
_TXSTA                (abs)        00098
_UA                   (abs)        004A1
_WCOL                 (abs)        000A7
_WR                   (abs)        00C61
_WREN                 (abs)        00C62
_WRERR                (abs)        00C63
_ZERO                 (abs)        0001A
__Babs1               abs1         04200
__Bbank0              bank0        04200
__Bbank1              bank1        04200
__Bbank2              bank2        04200
__Bbank3              bank3        04200
__Bclrtext            clrtext      04200
__Bcode               code         04200
__Bcommon             common       04200
__Beeprom_data        eeprom_data  02100
__Bptbit_0            ptbit_0      04200
__Bram                ram          04200
__Bsfr0               sfr0         04200
__Bsfr1               sfr1         04200
__Bsfr2               sfr2         04200
__Bsfr3               sfr3         04200
__Bstrings            strings      04200
__Btext               text         04200
__Habs1               abs1         00000
__Hbank0              bank0        00000
__Hbank1              bank1        00000
__Hbank2              bank2        00000
__Hbank3              bank3        00000
__Hcinit              cinit        04200
__Hclrtext            clrtext      00000
__Hcode               code         00000
__Hcommon             common       00000
__Hconfig             config       02008
__HcstackBANK0        cstackBANK0  04200
__HcstackBANK1        cstackBANK1  04200
__HcstackCOMMON       cstackCOMMON 04200
__HdataBANK0          dataBANK0    04200
__Heeprom_data        eeprom_data  00000
__Hend_init           end_init     00003
__HidataBANK0         idataBANK0   04200
__Hidloc              idloc        02000
__Hinit               init         00000
__Hinittext           inittext     04200
__Hintentry           intentry     00000
__Hintsave            intsave      04200
__Hmaintext           maintext     04200
__Hpowerup            powerup      00003
__Hptbit_0            ptbit_0      21000
__Hram                ram          00000
__Hreset_vec          reset_vec    00000
__Hsfr0               sfr0         00000
__Hsfr1               sfr1         00000
__Hsfr2               sfr2         00000
__Hsfr3               sfr3         00000
__Hstrings            strings      00000
__Hstruct             struct       00063
__Htemp               temp         00063
__Htext               text         00000
__Labs1               abs1         00000
__Lbank0              bank0        00000
__Lbank1              bank1        00000
__Lbank2              bank2        00000
__Lbank3              bank3        00000
__Lcinit              cinit        04200
__Lclrtext            clrtext      00000
__Lcode               code         00000
__Lcommon             common       00000
__Lconfig             config       02007
__LcstackBANK0        cstackBANK0  04200
__LcstackBANK1        cstackBANK1  04200
__LcstackCOMMON       cstackCOMMON 04200
__LdataBANK0          dataBANK0    04200
__Leeprom_data        eeprom_data  00000
__Lend_init           end_init     00000
__LidataBANK0         idataBANK0   04200
__Lidloc              idloc        02000
__Linit               init         00000
__Linittext           inittext     04200
__Lintentry           intentry     00000
__Lintsave            intsave      04200
__Lmaintext           maintext     04200
__Lpowerup            powerup      00003
__Lptbit_0            ptbit_0      21000
__Lram                ram          00000
__Lreset_vec          reset_vec    00000
__Lsfr0               sfr0         00000
__Lsfr1               sfr1         00000
__Lsfr2               sfr2         00000
__Lsfr3               sfr3         00000
__Lstrings            strings      00000
__Lstruct             struct       00063
__Ltemp               temp         00063
__Ltext               text         00000
__S0                  (abs)        02008
__S1                  (abs)        00190
__S2                  (abs)        02100
___aldiv              text103      005EA
___aldiv@counter      cstackBANK0  00020
___aldiv@dividend     cstackBANK0  00026
___aldiv@divisor      cstackBANK0  0002A
___aldiv@quotient     cstackBANK0  00022
___aldiv@sign         cstackBANK0  00021
___almod              text102      00566
___almod@counter      cstackCOMMON 00072
___almod@dividend     cstackBANK0  00020
___almod@divisor      cstackBANK0  00024
___almod@sign         cstackCOMMON 00071
___lmul               text101      00419
___lmul@multiplicand  cstackBANK0  00024
___lmul@multiplier    cstackBANK0  00020
___lmul@product       cstackCOMMON 00071
__end_of___aldiv      text103      0068C
__end_of___almod      text102      005EA
__end_of___lmul       text101      00461
__end_of_keypad       text98       00566
__end_of_lcd_command  text104      00505
__end_of_lcd_data     text105      004B0
__end_of_lcd_init     text100      003F1
__end_of_lcd_integer  text99       00800
__end_of_main         maintext     00419
__pcstackBANK0        cstackBANK0  00020
__pcstackBANK1        cstackBANK1  000A0
__pcstackCOMMON       cstackCOMMON 00070
__pdataBANK0          dataBANK0    00053
__pidataBANK0         idataBANK0   00398
__pmaintext           maintext     003F1
__ptext100            text100      003CB
__ptext101            text101      00419
__ptext102            text102      00566
__ptext103            text103      005EA
__ptext104            text104      004B0
__ptext105            text105      00461
__ptext106            text106      00003
__ptext98             text98       00505
__ptext99             text99       0068C
__size_of___aldiv     (abs)        00000
__size_of___almod     (abs)        00000
__size_of___lmul      (abs)        00000
__size_of_keypad      (abs)        00000
__size_of_lcd_command (abs)        00000
__size_of_lcd_data    (abs)        00000
__size_of_lcd_init    (abs)        00000
__size_of_lcd_integer (abs)        00000
__size_of_main        (abs)        00000
_exit                 init         00000
_keypad               text98       00505
_lcd_command          text104      004B0
_lcd_data             text105      00461
_lcd_init             text100      003CB
_lcd_integer          text99       0068C
_main                 maintext     003F1
btemp                 (abs)        0007E
end_of_initialization cinit        003C7
init_fetch            inittext     003A8
init_ram              inittext     003AC
intlevel0             intentry     00000
intlevel1             intentry     00000
intlevel2             intentry     00000
intlevel3             intentry     00000
intlevel4             intentry     00000
intlevel5             intentry     00000
keypad@F532           dataBANK0    00053
keypad@i              cstackBANK0  00031
keypad@key            cstackBANK0  00030
keypad@key_no         cstackBANK0  00020
lcd_command@i         cstackCOMMON 00072
lcd_command@x         cstackCOMMON 00071
lcd_data@i            cstackCOMMON 00072
lcd_data@x            cstackCOMMON 00071
lcd_integer@m         cstackBANK1  000AE
lcd_integer@x         cstackBANK0  0004B
lcd_integer@y         cstackBANK1  000AA
reset_vec             reset_vec    00000
start                 init         00000
start_initialization  cinit        003B9
